// Vitest Snapshot v1

exports[`rest > should return null user 1`] = `
{
  "code": "NEED_LOGIN",
  "error": "Unauthorized",
  "message": "you need to login before getting current user",
  "statusCode": 401,
}
`;
